<?xml version="1.0" encoding="UTF-8" standalone="no"?>
<!-- PYCSW_VERSION -->
<csw:GetRecordsResponse xmlns:dc="http://purl.org/dc/elements/1.1/" xmlns:inspire_common="http://inspire.ec.europa.eu/schemas/common/1.0" xmlns:xs="http://www.w3.org/2001/XMLSchema" xmlns:dct="http://purl.org/dc/terms/" xmlns:ows="http://www.opengis.net/ows" xmlns:apiso="http://www.opengis.net/cat/csw/apiso/1.0" xmlns:gml="http://www.opengis.net/gml" xmlns:xlink="http://www.w3.org/1999/xlink" xmlns:gco="http://www.isotc211.org/2005/gco" xmlns:gmd="http://www.isotc211.org/2005/gmd" xmlns:srv="http://www.isotc211.org/2005/srv" xmlns:ogc="http://www.opengis.net/ogc" xmlns:inspire_ds="http://inspire.ec.europa.eu/schemas/inspire_ds/1.0" xmlns:csw="http://www.opengis.net/cat/csw/2.0.2" xmlns:xsi="http://www.w3.org/2001/XMLSchema-instance" xmlns:soapenv="http://www.w3.org/2003/05/soap-envelope" xmlns:sitemap="http://www.sitemaps.org/schemas/sitemap/0.9" version="2.0.2" xsi:schemaLocation="http://www.opengis.net/cat/csw/2.0.2 http://schemas.opengis.net/csw/2.0.2/CSW-discovery.xsd">
  <csw:SearchStatus timestamp="PYCSW_TIMESTAMP"/>
  <csw:SearchResults numberOfRecordsReturned="1" nextRecord="0" numberOfRecordsMatched="1" recordSchema="http://www.isotc211.org/2005/gmd" elementSet="brief">
    <gmd:MD_Metadata xsi:schemaLocation="http://www.isotc211.org/2005/gmd http://schemas.opengis.net/csw/2.0.2/profiles/apiso/1.0.0/apiso.xsd">
      <gmd:fileIdentifier>
        <gco:CharacterString>3e9a8c05</gco:CharacterString>
      </gmd:fileIdentifier>
      <gmd:hierarchyLevel codeList="http://www.isotc211.org/2005/resources/Codelist/gmxCodelists.xml#MD_ScopeCode" codeSpace="ISOTC211/19115" codeListValue="service">service</gmd:hierarchyLevel>
      <gmd:identificationInfo>
        <gmd:MD_IdentificationInfo>
          <gmd:citation>
            <gmd:CI_Citation>
              <gmd:title>
                <gco:CharacterString>test Title</gco:CharacterString>
              </gmd:title>
            </gmd:CI_Citation>
          </gmd:citation>
        </gmd:MD_IdentificationInfo>
        <gmd:extent>
          <gmd:EX_Extent>
            <gmd:geographicElement>
              <gmd:EX_GeographicBoundingBox>
                <gmd:westBoundLongitude>
                  <gco:Decimal>19.37</gco:Decimal>
                </gmd:westBoundLongitude>
                <gmd:eastBoundLongitude>
                  <gco:Decimal>29.61</gco:Decimal>
                </gmd:eastBoundLongitude>
                <gmd:northBoundLatitude>
                  <gco:Decimal>41.75</gco:Decimal>
                </gmd:northBoundLatitude>
                <gmd:southBoundLatitude>
                  <gco:Decimal>34.8</gco:Decimal>
                </gmd:southBoundLatitude>
              </gmd:EX_GeographicBoundingBox>
            </gmd:geographicElement>
          </gmd:EX_Extent>
        </gmd:extent>
        <srv:SV_ServiceIdentification>
          <srv:serviceType>
            <gco:LocalName>view</gco:LocalName>
          </srv:serviceType>
          <srv:serviceTypeVersion>
            <gco:CharacterString/>
          </srv:serviceTypeVersion>
        </srv:SV_ServiceIdentification>
      </gmd:identificationInfo>
    </gmd:MD_Metadata>
  </csw:SearchResults>
</csw:GetRecordsResponse>
