<?xml version="1.0" encoding="UTF-8" standalone="no"?>
<!-- PYCSW_VERSION -->
<csw:GetRecordByIdResponse xmlns:dc="http://purl.org/dc/elements/1.1/" xmlns:inspire_common="http://inspire.ec.europa.eu/schemas/common/1.0" xmlns:xs="http://www.w3.org/2001/XMLSchema" xmlns:dct="http://purl.org/dc/terms/" xmlns:ows="http://www.opengis.net/ows" xmlns:apiso="http://www.opengis.net/cat/csw/apiso/1.0" xmlns:gml="http://www.opengis.net/gml" xmlns:xlink="http://www.w3.org/1999/xlink" xmlns:gco="http://www.isotc211.org/2005/gco" xmlns:gmd="http://www.isotc211.org/2005/gmd" xmlns:srv="http://www.isotc211.org/2005/srv" xmlns:ogc="http://www.opengis.net/ogc" xmlns:inspire_ds="http://inspire.ec.europa.eu/schemas/inspire_ds/1.0" xmlns:csw="http://www.opengis.net/cat/csw/2.0.2" xmlns:xsi="http://www.w3.org/2001/XMLSchema-instance" xmlns:soapenv="http://www.w3.org/2003/05/soap-envelope" xmlns:sitemap="http://www.sitemaps.org/schemas/sitemap/0.9" xsi:schemaLocation="http://www.opengis.net/cat/csw/2.0.2 http://schemas.opengis.net/csw/2.0.2/CSW-discovery.xsd">
  <gmd:MD_Metadata xsi:schemaLocation="http://www.isotc211.org/2005/gmd http://schemas.opengis.net/csw/2.0.2/profiles/apiso/1.0.0/apiso.xsd">
    <gmd:fileIdentifier>
      <gco:ChracterString>de53e931-778a-4792-94ad-9fe507aca483</gco:ChracterString>
    </gmd:fileIdentifier>
    <gmd:hierarchyLevel codeList="http://www.isotc211.org/2005/resources/Codelist/gmxCodelists.xml#MD_ScopeCode" codeSpace="ISOTC211/19115" codeListValue="dataset">dataset</gmd:hierarchyLevel>
    <gmd:identificationInfo>
      <gmd:MD_IdentificationInfo>
        <gmd:citation>
          <gmd:CI_Citation>
            <gmd:title>
              <gco:CharacterString>Ortho</gco:CharacterString>
            </gmd:title>
          </gmd:CI_Citation>
        </gmd:citation>
      </gmd:MD_IdentificationInfo>
      <gmd:extent>
        <gmd:EX_Extent>
          <gmd:geographicElement>
            <gmd:EX_GeographicBoundingBox>
              <gmd:westBoundLongitude>
                <gco:Decimal>21.48</gco:Decimal>
              </gmd:westBoundLongitude>
              <gmd:eastBoundLongitude>
                <gco:Decimal>21.53</gco:Decimal>
              </gmd:eastBoundLongitude>
              <gmd:northBoundLatitude>
                <gco:Decimal>39.79</gco:Decimal>
              </gmd:northBoundLatitude>
              <gmd:southBoundLatitude>
                <gco:Decimal>39.76</gco:Decimal>
              </gmd:southBoundLatitude>
            </gmd:EX_GeographicBoundingBox>
          </gmd:geographicElement>
        </gmd:EX_Extent>
      </gmd:extent>
    </gmd:identificationInfo>
  </gmd:MD_Metadata>
</csw:GetRecordByIdResponse>
