<?xml version="1.0" encoding="UTF-8" standalone="no"?>
<!-- PYCSW_VERSION -->
<csw:GetRecordsResponse xmlns:dc="http://purl.org/dc/elements/1.1/" xmlns:inspire_common="http://inspire.ec.europa.eu/schemas/common/1.0" xmlns:xs="http://www.w3.org/2001/XMLSchema" xmlns:dct="http://purl.org/dc/terms/" xmlns:ows="http://www.opengis.net/ows" xmlns:apiso="http://www.opengis.net/cat/csw/apiso/1.0" xmlns:gml="http://www.opengis.net/gml" xmlns:dif="http://gcmd.gsfc.nasa.gov/Aboutus/xml/dif/" xmlns:xlink="http://www.w3.org/1999/xlink" xmlns:gco="http://www.isotc211.org/2005/gco" xmlns:gmd="http://www.isotc211.org/2005/gmd" xmlns:srv="http://www.isotc211.org/2005/srv" xmlns:ogc="http://www.opengis.net/ogc" xmlns:fgdc="http://www.opengis.net/cat/csw/csdgm" xmlns:inspire_ds="http://inspire.ec.europa.eu/schemas/inspire_ds/1.0" xmlns:csw="http://www.opengis.net/cat/csw/2.0.2" xmlns:xsi="http://www.w3.org/2001/XMLSchema-instance" xmlns:soapenv="http://www.w3.org/2003/05/soap-envelope" xmlns:sitemap="http://www.sitemaps.org/schemas/sitemap/0.9" version="2.0.2" xsi:schemaLocation="http://www.opengis.net/cat/csw/2.0.2 http://schemas.opengis.net/csw/2.0.2/CSW-discovery.xsd"><csw:SearchStatus timestamp="PYCSW_TIMESTAMP"><csw:Record>
    <dc:identifier>urn:uuid:a06af396-3105-442d-8b40-22b57a90d2f2</dc:identifier>
    <dc:type>http://purl.org/dc/dcmitype/Image</dc:type>
    <dc:title>Lorem ipsum dolor sit amet</dc:title>
    <dc:format>image/jpeg</dc:format>
    <dct:spatial>IT-FI</dct:spatial>
</csw:Record><csw:Record>
    <dc:identifier>urn:uuid:1ef30a8b-876d-4828-9246-c37ab4510bbd</dc:identifier>
    <dc:type>http://purl.org/dc/dcmitype/Service</dc:type>
    <dct:abstract>Proin sit amet justo. In justo. Aenean adipiscing nulla id tellus.</dct:abstract>
    <ows:BoundingBox crs="urn:x-ogc:def:crs:EPSG:6.11:4326">
      <ows:LowerCorner>60.042 13.754</ows:LowerCorner>
      <ows:UpperCorner>68.410 17.920</ows:UpperCorner>
    </ows:BoundingBox>
</csw:Record><csw:Record>
    <dc:identifier>urn:uuid:66ae76b7-54ba-489b-a582-0f0633d96493</dc:identifier>
    <dc:title>Maecenas enim</dc:title>
    <dc:type>http://purl.org/dc/dcmitype/Text</dc:type>
    <dc:format>application/xhtml+xml</dc:format>
    <dc:subject>Marine sediments</dc:subject>
    <dct:abstract>Pellentesque tempus magna non sapien fringilla blandit.</dct:abstract>
</csw:Record><csw:Record>
    <dc:identifier>urn:uuid:784e2afd-a9fd-44a6-9a92-a3848371c8ec</dc:identifier>
    <dc:title>Aliquam fermentum purus quis arcu</dc:title>
    <dc:type>http://purl.org/dc/dcmitype/Text</dc:type>
    <dc:subject>Hydrography--Dictionaries</dc:subject>
    <dc:format>application/pdf</dc:format>
    <dc:date>2006-05-12Z</dc:date>
    <dct:abstract>Vestibulum quis ipsum sit amet metus imperdiet vehicula. Nulla scelerisque cursus mi.</dct:abstract>
</csw:Record><csw:Record>
    <dc:identifier>urn:uuid:9a669547-b69b-469f-a11f-2d875366bbdc</dc:identifier>
    <dc:type>http://purl.org/dc/dcmitype/Dataset</dc:type>
    <dc:title>&#209;un&#231; elementum</dc:title>
    <dc:subject scheme="http://www.digest.org/2.1">Hydrography-Oceanographic</dc:subject>
    <dc:date>2005-10-24Z</dc:date>
    <ows:BoundingBox crs="urn:x-ogc:def:crs:EPSG:6.11:4326">
      <ows:LowerCorner>44.792 -6.171</ows:LowerCorner>
      <ows:UpperCorner>51.126 -2.228</ows:UpperCorner>
    </ows:BoundingBox>
</csw:Record></csw:SearchResults></csw:GetRecordsResponse>